../Core/Src/main.c:93:5:main	8	static
../Core/Src/main.c:182:6:SystemClock_Config	88	static
../Core/Src/main.c:229:13:MX_GPIO_Init	40	static
../Core/Src/main.c:254:6:AccessSharedData	8	static
../Core/Src/main.c:273:6:SimulateReadWriteOperation	16	static,ignoring_inline_asm
../Core/Src/main.c:291:6:StartDefaultTask	16	static
../Core/Src/main.c:309:6:GREENLED	16	static
../Core/Src/main.c:341:6:REDLED	16	static
../Core/Src/main.c:374:6:HAL_TIM_PeriodElapsedCallback	16	static
../Core/Src/main.c:391:6:Error_Handler	4	static,ignoring_inline_asm
